- header:
    model: VX
    nvue-api-version: nvue_v1
    rev-id: 1.0
    version: Cumulus Linux 5.6.0
- set:
    evpn:
      enable: on
    interface:
      lo:
        ip:
          address:
            10.0.0.1/32: {}
        type: loopback
      p0_if:
        type: swp
      pf0vf0_if:
        type: swp
        acl: 
          p0000_deny_prefixes_ipv4:
            inbound: {}
          p0010_vpc_100_isolation_ipv4:
            inbound: {}
          p0010_vpc_100_isolation_ipv6:
            inbound: {} 
        ip:
          address:
            10.0.1.1/24: {} 
          vrf: vpc_100 
    nve:
      vxlan:
        arp-nd-suppress: on
        enable: on
        source:
          address: 10.0.0.1 
    router:
      bgp:
        autonomous-system: 65000 
        enable: on
        router-id: 10.0.0.1
      vrr:
        enable: on
      policy:
        community-list:
          BYOIP_LEAK_COMMUNITY_LIST:
            rule:
              '10':
                action: permit
                community:
                  65100:01: {}
        as-path-list:
          DPU_TO_EVPN_AS_PATH_DROP_LIST:
            rule:
              '10':
                action: permit
                aspath-exp: "^.+$"
        prefix-list:
          ALLOW_TO_UNDERLAY_PREFIX_LIST:
            rule:
              '65000':
                action: permit
                match:
                  10.0.0.1/32: {}

          ALLOW_TO_UNDERLAY_PREFIX_LIST_IPV6:
            type: ipv6
            rule:
              '65535':
                action: deny
                match:
                  any: {}
          DPU_FROM_INSTANCE_PREFIX_LIST:
            rule:
              '65535':
                action: deny
                match:
                  any: {}
          DPU_FROM_TRAFFIC_INTERCEPT_PEER_PREFIX_LIST:
            rule:
              '65535':
                action: deny
                match:
                  any: {}
          DPU_FROM_INSTANCE_PREFIX_LIST_IPV6:
            type: ipv6
            rule:
              '65535':
                action: deny
                match:
                  any: {}
          DPU_FROM_TRAFFIC_INTERCEPT_PEER_PREFIX_LIST_IPV6:
            type: ipv6
            rule:
              '65535':
                action: deny
                match:
                  any: {}
          DPU_TO_EVPN_DROP_PREFIX_LIST:
            rule:
              '10':
                action: permit
                match:
                  10.0.0.2/32: {}
              '65535':
                action: deny
                match:
                  any: {}
        route-map:
          dpu_to_evpn:
            rule:
              '10':
                action:
                  deny: {}
                match:
                  type: ipv4
                  evpn-route-type: ip-prefix
                  ip-prefix-list: DPU_TO_EVPN_DROP_PREFIX_LIST
              '11':
                action:
                  permit: {}
                match:
                  tag: 65100
              '12':
                action:
                  permit: {}
                match:
                  tag: 65101
              '13':
                action:
                  deny: {}
                match:
                  as-path-list: DPU_TO_EVPN_AS_PATH_DROP_LIST
              '65535':
                action:
                  permit: {}
          leak_to_underlay:
            rule:
              '65533':
                action:
                  permit: {}
                match:
                  type: ipv4
                  ip-prefix-list: ALLOW_TO_UNDERLAY_PREFIX_LIST
                set:
                  community:
                    none: {}
                  large-community:
                    none: {}
              '65534':
                action:
                  permit: {}
                match:
                  tag: 65100
                set:
                  community:
                    none: {}
                  large-community:
                    none: {}
              '65535':
                action:
                  deny: {}
          leak_to_underlay_ipv6:
            rule:
              '65533':
                action:
                  permit: {}
                match:
                  type: ipv6
                  ip-prefix-list: ALLOW_TO_UNDERLAY_PREFIX_LIST_IPV6
                set:
                  community:
                    none: {}
                  large-community:
                    none: {}
              '65534':
                action:
                  permit: {}
                match:
                  tag: 65100
                set:
                  community:
                    none: {}
                  large-community:
                    none: {}
              '65535':
                action:
                  deny: {}
          dpu_from_traffic_intercept_gw_peer:
            rule:
              '10':
                action:
                  permit: {}
                match:
                  type: ipv4
                  ip-prefix-list: DPU_FROM_TRAFFIC_INTERCEPT_PEER_PREFIX_LIST
                  community-list: BYOIP_LEAK_COMMUNITY_LIST
                set:
                  tag: 65100
                  community:
                    none: {}
                  large-community:
                    none: {}
              '11':
                action:
                  permit: {}
                match:
                  type: ipv4
                  ip-prefix-list: DPU_FROM_TRAFFIC_INTERCEPT_PEER_PREFIX_LIST
                set:
                  tag: 65101
                  community:
                    none: {}
                  large-community:
                    none: {}
              '65535':
                action:
                  deny: {}
          dpu_from_instance:
            rule:
              '10':
                action:
                  permit: {}
                match:
                  type: ipv4
                  ip-prefix-list: DPU_FROM_INSTANCE_PREFIX_LIST
                  community-list: BYOIP_LEAK_COMMUNITY_LIST
                set:
                  tag: 65100
                  community:
                      none: {}
                  large-community:
                    none: {}
              '11':
                action:
                  permit: {}
                match:
                  type: ipv4
                  ip-prefix-list: DPU_FROM_INSTANCE_PREFIX_LIST
                set:
                  tag: 65101
                  community:
                      none: {}
                  large-community:
                    none: {}
              '65535':
                action:
                  deny: {}
          dpu_to_instance:
            rule:
              '10':
                action:
                  deny: {}
          dpu_to_traffic_intercept_gw_peer:
            rule:
              '10':
                action:
                  deny: {}
          dpu_from_instance_ipv6:
            rule:
              '10':
                action:
                  permit: {}
                match:
                  type: ipv6
                  ip-prefix-list: DPU_FROM_INSTANCE_PREFIX_LIST_IPV6
                  community-list: BYOIP_LEAK_COMMUNITY_LIST
                set:
                  tag: 65100
                  community:
                      none: {}
                  large-community:
                    none: {}
              '11':
                action:
                  permit: {}
                match:
                  type: ipv6
                  ip-prefix-list: DPU_FROM_INSTANCE_PREFIX_LIST_IPV6
                set:
                  tag: 65101
                  community:
                      none: {}
                  large-community:
                    none: {}
              '65535':
                action:
                  deny: {}
          dpu_from_traffic_intercept_gw_peer_ipv6:
            rule:
              '10':
                action:
                  permit: {}
                match:
                  type: ipv6
                  ip-prefix-list: DPU_FROM_TRAFFIC_INTERCEPT_PEER_PREFIX_LIST_IPV6
                  community-list: BYOIP_LEAK_COMMUNITY_LIST
                set:
                  tag: 65100
                  community:
                    none: {}
                  large-community:
                    none: {}
              '11':
                action:
                  permit: {}
                match:
                  type: ipv6
                  ip-prefix-list: DPU_FROM_TRAFFIC_INTERCEPT_PEER_PREFIX_LIST_IPV6
                set:
                  tag: 65101
                  community:
                    none: {}
                  large-community:
                    none: {}
              '65535':
                action:
                  deny: {}
    vrf:
      default:
        router:
          nexthop-tracking:
            ipv4:
              resolved-via-default: on
          bgp:
            address-family:
              ipv4-unicast:
                enable: on
                multipaths:
                  ebgp: 128
                redistribute:
                  connected:
                    enable: on

                route-import:
                  from-vrf:
                    route-map: leak_to_underlay
                    enable: on
                    list:
                      vpc_100: {}
              ipv6-unicast:
                enable: on
                multipaths:
                  ebgp: 128
                redistribute:
                  connected:
                    enable: on

                route-import:
                  from-vrf:
                    route-map: leak_to_underlay_ipv6
                    enable: on
                    list:
                      vpc_100: {}
              l2vpn-evpn:
                enable: on
            enable: on
            neighbor:
              p0_if:
                peer-group: underlay
                type: unnumbered
            path-selection:
              multipath:
                aspath-ignore: on
                bandwidth: ignore
            peer-group:
              routeserver:
                address-family:
                  ipv4-unicast:
                    enable: off
                  ipv6-unicast:
                    enable: off
                  l2vpn-evpn:
                    enable: on
                    policy:
                      outbound:
                        route-map: dpu_to_evpn
                multihop-ttl: 255
                remote-as: external
                update-source: lo
              underlay:
                remote-as: external
                address-family:
                  ipv4-unicast:
                    policy:
                      outbound:
                        route-map: leak_to_underlay
                  ipv6-unicast:
                    enable: on
                    policy:
                      outbound:
                        route-map: leak_to_underlay_ipv6
                  l2vpn-evpn:
                    enable: on
                    policy:
                      outbound:
                        route-map: dpu_to_evpn


      vpc_100: 
        evpn:
          enable: on
          vni:
            '100': {} 
        loopback:
          ip:
            address:
              10.0.0.2/32: {} 
        router:
          bgp:
            path-selection:
              multipath:
                aspath-ignore: on
            address-family:
              ipv4-unicast:
                enable: on
                redistribute:
                  connected:
                    enable: on
                route-export:
                  to-evpn:
                    enable: on
              ipv6-unicast:
                enable: on
                redistribute:
                  connected:
                    enable: on
                route-export:
                  to-evpn:
                    enable: on
            enable: on
            neighbor:
              10.0.1.2:
                passive-mode: on
                peer-group: tenant
                type: numbered
            peer-group:
              traffic_intercept_gw_peer:
                address-family:
                  ipv4-unicast:
                    policy:
                      inbound:
                        route-map: dpu_from_traffic_intercept_gw_peer
                      outbound:
                        route-map: dpu_to_traffic_intercept_gw_peer
                  ipv6-unicast:
                    enable: on
                    policy:
                      inbound:
                        route-map: dpu_from_traffic_intercept_gw_peer_ipv6
                      outbound:
                        route-map: dpu_to_traffic_intercept_gw_peer
                nexthop-connected-check: off
                remote-as: external
                timers:
                  connection-retry: 10
                  hold: 9
                  keepalive: 3
                  route-advertisement: none
              tenant:
                address-family:
                  ipv4-unicast:
                    policy:
                      inbound:
                        route-map: dpu_from_instance
                      outbound:
                        route-map: dpu_to_instance
                  ipv6-unicast:
                    enable: on
                    policy:
                      inbound:
                        route-map: dpu_from_instance_ipv6
                      outbound:
                        route-map: dpu_to_instance
                nexthop-connected-check: off
                remote-as: 65100
                timers:
                  connection-retry: 10
                  hold: 9
                  keepalive: 3
                  route-advertisement: none
            route-export:
              to-evpn:
                route-target:
                  11414:100: {}
            route-import:
              from-evpn:
                route-target:
                  11414:100: {}
                  auto: {}

    acl:
      dhcp_flood_prevention:
        rule: 
          '10':
            action:
              deny: {}
            hw-offload: off
            match:
              ip:
                dest-ip: 255.255.255.255
                dest-port:
                  '67': {}
                protocol: udp
                source-port:
                  '68': {}
        type: ipv4
      p0000_deny_prefixes_ipv4:
        type: ipv4
        rule:
          '1002':
            action:
              deny: {}
            match:
              ip:
                dest-ip: 192.0.2.0/24


      p0010_vpc_100_isolation_ipv4:
        type: ipv4
        rule:
          '1000':
            action:
              deny: {}
            match:
              ip:
                dest-ip: 10.0.0.0/16
      p0010_vpc_100_isolation_ipv6:
        type: ipv6
        rule:
          '10':
            action:
              permit: {}
            match:
              ip:
                dest-ip: 2001:db8:1::/48
          '11':
            action:
              permit: {}
            match:
              ip:
                dest-ip: 2001:db8:2::/48
          '1000':
            action:
              deny: {}
            match:
              ip:
                dest-ip: fd00::/48



