- header:
    model: VX
    nvue-api-version: nvue_v1
    rev-id: 1.0
    version: Cumulus Linux 5.6.0
- set:
    evpn:
      enable: on
    interface:
      lo:
        ip:
          address:
            10.217.5.39/32: {}
        type: loopback
      pf0dpu1_if:
        ip:
          address:
            169.254.169.253/30: {}
          vrf: vpc_1025186
      pf0dpu5_if:
        ip:
          address:
            10.10.10.2/29: {}
      p0_if:
        type: swp
      p1_if:
        type: swp
      pf0vf0_if:
        type: swp
        acl: 
          p0000_deny_prefixes_ipv4:
            inbound: {}
          p0004_security_policy_override_ipv4_host_ingress:
            outbound: {}
          p0009_vpc_1025197_peer_egress_from_host:
            inbound: {}
          p0009_vpc_1025197_peer_ingress_to_host:
            outbound: {}
          p0010_vpc_1025197_isolation_ipv4:
            inbound: {}
          dhcp_flood_prevention:
            inbound: {} 
        bridge:
          domain:
            br_default:
              access: 196 
      vlan196:
        type: svi
        vlan: 196
        ip:
          address:
            10.217.5.172/24: {} 
          vrf: vpc_1025197 
          vrr:
            address:
              10.217.5.169/29: {} 
            enable: on
            mac-address: 00:00:01:02:51:96 
            state:
              up: {}
      pf0hpf_if:
        type: swp
        acl: 
          p0000_deny_prefixes_ipv4:
            inbound: {}
          p0004_security_policy_override_ipv4_host_ingress:
            outbound: {}
          p0009_vpc_1025186_peer_egress_from_host:
            inbound: {}
          p0009_vpc_1025186_peer_ingress_to_host:
            outbound: {}
          p0010_vpc_1025186_isolation_ipv4:
            inbound: {} 
        ip:
          address:
            10.217.5.161/30: {} 
          vrf: vpc_1025186 
    nve:
      vxlan:
        arp-nd-suppress: on
        enable: on
        source:
          address: 10.217.5.39 
    router:
      bgp:
        autonomous-system: 4259912557 
        enable: on
        router-id: 10.217.5.39
      vrr:
        enable: on
      policy:
        community-list:
          BYOIP_LEAK_COMMUNITY_LIST:
            rule:
              '10':
                action: permit
                community:
                  65100:01: {}
        as-path-list:
          DPU_TO_EVPN_AS_PATH_DROP_LIST:
            rule:
              '10':
                action: permit
                aspath-exp: "^.+$"
        prefix-list:
          ALLOW_TO_UNDERLAY_PREFIX_LIST:
            rule:
              '65000':
                action: permit
                match:
                  10.217.5.39/32: {}
              '65001':
                action: permit
                match:
                  10.255.254.253/32: {}
              '65002':
                action: permit
                match:
                  10.217.5.161/30: {}
                  10.217.5.169/29: {}

          ALLOW_TO_UNDERLAY_PREFIX_LIST_IPV6:
            type: ipv6
            rule:
              '65535':
                action: deny
                match:
                  any: {}
          DPU_FROM_INSTANCE_PREFIX_LIST:
            rule:
              '1000':
                action: permit
                match:
                  5.255.255.0/24:
                    min-prefix-len: 32
              '65535':
                action: deny
                match:
                  any: {}
          DPU_FROM_TRAFFIC_INTERCEPT_PEER_PREFIX_LIST:
            rule:
              '1':
                action: permit
                match:
                  7.6.5.0/24: {}
              '65535':
                action: deny
                match:
                  any: {}
          DPU_FROM_INSTANCE_PREFIX_LIST_IPV6:
            type: ipv6
            rule:
              '65535':
                action: deny
                match:
                  any: {}
          DPU_FROM_TRAFFIC_INTERCEPT_PEER_PREFIX_LIST_IPV6:
            type: ipv6
            rule:
              '65535':
                action: deny
                match:
                  any: {}
          DPU_TO_EVPN_DROP_PREFIX_LIST:
            rule:
              '10':
                action: permit
                match:
                  10.217.5.125/32: {}
                  10.217.5.124/32: {}
              '65535':
                action: deny
                match:
                  any: {}
          FROM_DEFAULT_VRF_TO_vpc_1025186_PREFIX_LIST:
            rule:
              '65534':
                action: permit
                match:
                  0.0.0.0/0: {}
          FROM_DEFAULT_VRF_TO_vpc_1025197_PREFIX_LIST:
            rule:
              '65534':
                action: permit
                match:
                  0.0.0.0/0: {}
          FROM_DEFAULT_VRF_TO_vpc_1025186_PREFIX_LIST_IPV6:
            type: ipv6
            rule:
              '65534':
                action: permit
                match:
                  '::/0': {}
          FROM_DEFAULT_VRF_TO_vpc_1025197_PREFIX_LIST_IPV6:
            type: ipv6
            rule:
              '65534':
                action: permit
                match:
                  '::/0': {}
        route-map:
          dpu_to_evpn:
            rule:
              '10':
                action:
                  deny: {}
                match:
                  type: ipv4
                  evpn-route-type: ip-prefix
                  ip-prefix-list: DPU_TO_EVPN_DROP_PREFIX_LIST
              '11':
                action:
                  permit: {}
                match:
                  tag: 65100
              '12':
                action:
                  permit: {}
                match:
                  tag: 65101
              '13':
                action:
                  deny: {}
                match:
                  as-path-list: DPU_TO_EVPN_AS_PATH_DROP_LIST
              '65535':
                action:
                  permit: {}
          leak_to_underlay:
            rule:
              '65533':
                action:
                  permit: {}
                match:
                  type: ipv4
                  ip-prefix-list: ALLOW_TO_UNDERLAY_PREFIX_LIST
                set:
                  community:
                    none: {}
                  large-community:
                    none: {}
              '65534':
                action:
                  permit: {}
                match:
                  tag: 65100
                set:
                  community:
                    none: {}
                  large-community:
                    none: {}
              '65535':
                action:
                  deny: {}
          leak_to_underlay_ipv6:
            rule:
              '65533':
                action:
                  permit: {}
                match:
                  type: ipv6
                  ip-prefix-list: ALLOW_TO_UNDERLAY_PREFIX_LIST_IPV6
                set:
                  community:
                    none: {}
                  large-community:
                    none: {}
              '65534':
                action:
                  permit: {}
                match:
                  tag: 65100
                set:
                  community:
                    none: {}
                  large-community:
                    none: {}
              '65535':
                action:
                  deny: {}
          dpu_from_traffic_intercept_gw_peer:
            rule:
              '10':
                action:
                  permit: {}
                match:
                  type: ipv4
                  ip-prefix-list: DPU_FROM_TRAFFIC_INTERCEPT_PEER_PREFIX_LIST
                  community-list: BYOIP_LEAK_COMMUNITY_LIST
                set:
                  tag: 65100
                  community:
                    none: {}
                  large-community:
                    none: {}
              '11':
                action:
                  permit: {}
                match:
                  type: ipv4
                  ip-prefix-list: DPU_FROM_TRAFFIC_INTERCEPT_PEER_PREFIX_LIST
                set:
                  tag: 65101
                  community:
                    none: {}
                  large-community:
                    none: {}
              '65535':
                action:
                  deny: {}
          dpu_from_instance:
            rule:
              '10':
                action:
                  permit: {}
                match:
                  type: ipv4
                  ip-prefix-list: DPU_FROM_INSTANCE_PREFIX_LIST
                  community-list: BYOIP_LEAK_COMMUNITY_LIST
                set:
                  tag: 65100
                  community:
                      none: {}
                  large-community:
                    none: {}
              '11':
                action:
                  permit: {}
                match:
                  type: ipv4
                  ip-prefix-list: DPU_FROM_INSTANCE_PREFIX_LIST
                set:
                  tag: 65101
                  community:
                      none: {}
                  large-community:
                    none: {}
              '65535':
                action:
                  deny: {}
          dpu_to_instance:
            rule:
              '10':
                action:
                  deny: {}
          dpu_to_traffic_intercept_gw_peer:
            rule:
              '10':
                action:
                  deny: {}
          FROM_DEFAULT_VRF_TO_vpc_1025186_MAP:
            rule:
              '10':
                action:
                  permit: {}
                match:
                  ip-prefix-list: FROM_DEFAULT_VRF_TO_vpc_1025186_PREFIX_LIST
                  type: ipv4
          FROM_DEFAULT_VRF_TO_vpc_1025197_MAP:
            rule:
              '10':
                action:
                  permit: {}
                match:
                  ip-prefix-list: FROM_DEFAULT_VRF_TO_vpc_1025197_PREFIX_LIST
                  type: ipv4
          FROM_DEFAULT_VRF_TO_vpc_1025186_MAP_IPV6:
            rule:
              '10':
                action:
                  permit: {}
                match:
                  ip-prefix-list: FROM_DEFAULT_VRF_TO_vpc_1025186_PREFIX_LIST_IPV6
                  type: ipv6
          FROM_DEFAULT_VRF_TO_vpc_1025197_MAP_IPV6:
            rule:
              '10':
                action:
                  permit: {}
                match:
                  ip-prefix-list: FROM_DEFAULT_VRF_TO_vpc_1025197_PREFIX_LIST_IPV6
                  type: ipv6
          dpu_from_instance_ipv6:
            rule:
              '10':
                action:
                  permit: {}
                match:
                  type: ipv6
                  ip-prefix-list: DPU_FROM_INSTANCE_PREFIX_LIST_IPV6
                  community-list: BYOIP_LEAK_COMMUNITY_LIST
                set:
                  tag: 65100
                  community:
                      none: {}
                  large-community:
                    none: {}
              '11':
                action:
                  permit: {}
                match:
                  type: ipv6
                  ip-prefix-list: DPU_FROM_INSTANCE_PREFIX_LIST_IPV6
                set:
                  tag: 65101
                  community:
                      none: {}
                  large-community:
                    none: {}
              '65535':
                action:
                  deny: {}
          dpu_from_traffic_intercept_gw_peer_ipv6:
            rule:
              '10':
                action:
                  permit: {}
                match:
                  type: ipv6
                  ip-prefix-list: DPU_FROM_TRAFFIC_INTERCEPT_PEER_PREFIX_LIST_IPV6
                  community-list: BYOIP_LEAK_COMMUNITY_LIST
                set:
                  tag: 65100
                  community:
                    none: {}
                  large-community:
                    none: {}
              '11':
                action:
                  permit: {}
                match:
                  type: ipv6
                  ip-prefix-list: DPU_FROM_TRAFFIC_INTERCEPT_PEER_PREFIX_LIST_IPV6
                set:
                  tag: 65101
                  community:
                    none: {}
                  large-community:
                    none: {}
              '65535':
                action:
                  deny: {}
    vrf:
      default:
        router:
          static:
            10.255.254.253/32:
              address-family: ipv4-unicast
              via:
                10.10.10.1:
                  type: ipv4-address
          nexthop-tracking:
            ipv4:
              resolved-via-default: on
          bgp:
            address-family:
              ipv4-unicast:
                network:
                  10.255.254.253/32: {}
                enable: on
                multipaths:
                  ebgp: 128
                redistribute:
                  connected:
                    enable: on

                route-import:
                  from-vrf:
                    route-map: leak_to_underlay
                    enable: on
                    list:
                      vpc_1025186: {}
                      vpc_1025197: {}
              ipv6-unicast:
                enable: on
                multipaths:
                  ebgp: 128
                redistribute:
                  connected:
                    enable: on

                route-import:
                  from-vrf:
                    route-map: leak_to_underlay_ipv6
                    enable: on
                    list:
                      vpc_1025186: {}
                      vpc_1025197: {}
              l2vpn-evpn:
                enable: on
            enable: on
            neighbor:
              172.43.0.1:
                peer-group: routeserver
                type: numbered
              172.43.0.2:
                peer-group: routeserver
                type: numbered
              p0_if:
                peer-group: underlay
                type: unnumbered
              p1_if:
                peer-group: underlay
                type: unnumbered
            path-selection:
              multipath:
                aspath-ignore: on
                bandwidth: ignore
            peer-group:
              routeserver:
                address-family:
                  ipv4-unicast:
                    enable: off
                  ipv6-unicast:
                    enable: off
                  l2vpn-evpn:
                    enable: on
                    policy:
                      outbound:
                        route-map: dpu_to_evpn
                multihop-ttl: 255
                remote-as: external
                update-source: lo
              underlay:
                remote-as: external
                address-family:
                  ipv4-unicast:
                    policy:
                      outbound:
                        route-map: leak_to_underlay
                  ipv6-unicast:
                    enable: on
                    policy:
                      outbound:
                        route-map: leak_to_underlay_ipv6


      vpc_1025186: 
        evpn:
          enable: on
          vni:
            '1025186': {} 
        loopback:
          ip:
            address:
              10.217.5.125/32: {} 
        router:
          bgp:
            path-selection:
              multipath:
                aspath-ignore: on
            address-family:
              ipv4-unicast:
                enable: on
                redistribute:
                  connected:
                    enable: on
                route-export:
                  to-evpn:
                    enable: on
                route-import:
                  from-vrf:
                    route-map: FROM_DEFAULT_VRF_TO_vpc_1025186_MAP
                    enable: on
                    list:
                      default: {}
              ipv6-unicast:
                enable: on
                redistribute:
                  connected:
                    enable: on
                route-export:
                  to-evpn:
                    enable: on
            enable: on
            neighbor:
              10.217.5.170:
                passive-mode: on
                peer-group: tenant
                type: numbered
              10.217.5.162:
                passive-mode: on
                peer-group: tenant
                type: numbered
              10.10.10.3:
                passive-mode: on
                peer-group: traffic_intercept_gw_peer
                type: numbered
            peer-group:
              traffic_intercept_gw_peer:
                address-family:
                  ipv4-unicast:
                    policy:
                      inbound:
                        route-map: dpu_from_traffic_intercept_gw_peer
                      outbound:
                        route-map: dpu_to_traffic_intercept_gw_peer
                  ipv6-unicast:
                    enable: on
                    policy:
                      inbound:
                        route-map: dpu_from_traffic_intercept_gw_peer_ipv6
                      outbound:
                        route-map: dpu_to_traffic_intercept_gw_peer
                nexthop-connected-check: off
                remote-as: external
                timers:
                  connection-retry: 10
                  hold: 9
                  keepalive: 3
                  route-advertisement: none
              tenant:
                address-family:
                  ipv4-unicast:
                    policy:
                      inbound:
                        route-map: dpu_from_instance
                      outbound:
                        route-map: dpu_to_instance
                  ipv6-unicast:
                    enable: on
                    policy:
                      inbound:
                        route-map: dpu_from_instance_ipv6
                      outbound:
                        route-map: dpu_to_instance
                nexthop-connected-check: off
                remote-as: 65100
                timers:
                  connection-retry: 10
                  hold: 9
                  keepalive: 3
                  route-advertisement: none
            route-export:
              to-evpn:
                route-target:
                  11414:1025186: {}
                  11415:200: {} 
                  77415:800: {}
            route-import:
              from-evpn:
                route-target:
                  11414:1025186: {}
                  44444:55555: {}
                  11111:22222: {}
                  auto: {}
      vpc_1025197: 
        evpn:
          enable: on
          vni:
            '1025197': {} 
        loopback:
          ip:
            address:
              10.217.5.124/32: {} 
        router:
          bgp:
            path-selection:
              multipath:
                aspath-ignore: on
            address-family:
              ipv4-unicast:
                enable: on
                redistribute:
                  connected:
                    enable: on
                route-export:
                  to-evpn:
                    enable: on
                route-import:
                  from-vrf:
                    route-map: FROM_DEFAULT_VRF_TO_vpc_1025197_MAP
                    enable: on
                    list:
                      default: {}
              ipv6-unicast:
                enable: on
                redistribute:
                  connected:
                    enable: on
                route-export:
                  to-evpn:
                    enable: on
            enable: on
            neighbor:
              10.217.5.170:
                passive-mode: on
                peer-group: tenant
                type: numbered
              10.217.5.162:
                passive-mode: on
                peer-group: tenant
                type: numbered
              10.10.10.3:
                passive-mode: on
                peer-group: traffic_intercept_gw_peer
                type: numbered
            peer-group:
              traffic_intercept_gw_peer:
                address-family:
                  ipv4-unicast:
                    policy:
                      inbound:
                        route-map: dpu_from_traffic_intercept_gw_peer
                      outbound:
                        route-map: dpu_to_traffic_intercept_gw_peer
                  ipv6-unicast:
                    enable: on
                    policy:
                      inbound:
                        route-map: dpu_from_traffic_intercept_gw_peer_ipv6
                      outbound:
                        route-map: dpu_to_traffic_intercept_gw_peer
                nexthop-connected-check: off
                remote-as: external
                timers:
                  connection-retry: 10
                  hold: 9
                  keepalive: 3
                  route-advertisement: none
              tenant:
                address-family:
                  ipv4-unicast:
                    policy:
                      inbound:
                        route-map: dpu_from_instance
                      outbound:
                        route-map: dpu_to_instance
                  ipv6-unicast:
                    enable: on
                    policy:
                      inbound:
                        route-map: dpu_from_instance_ipv6
                      outbound:
                        route-map: dpu_to_instance
                nexthop-connected-check: off
                remote-as: 65100
                timers:
                  connection-retry: 10
                  hold: 9
                  keepalive: 3
                  route-advertisement: none
            route-export:
              to-evpn:
                route-target:
                  11414:1025197: {}
                  11415:200: {} 
                  77415:800: {}
            route-import:
              from-evpn:
                route-target:
                  11414:1025197: {}
                  11414:1025186: {}
                  11414:1025187: {}
                  44444:55555: {}
                  11111:22222: {}
                  auto: {}

    acl:
      dhcp_flood_prevention:
        rule: 
          '10':
            action:
              deny: {}
            hw-offload: off
            match:
              ip:
                dest-ip: 255.255.255.255
                dest-port:
                  '67': {}
                protocol: udp
                source-port:
                  '68': {}
        type: ipv4
      p0000_deny_prefixes_ipv4:
        type: ipv4
        rule:
          '1001':
            action:
              deny: {}
            match:
              ip:
                dest-ip: 192.0.2.0/24
          '1002':
            action:
              deny: {}
            match:
              ip:
                dest-ip: 198.51.100.0/24


      p0009_vpc_1025186_peer_egress_from_host:
        type: ipv4
        rule:
          '1':
            action:
              permit: {}
            match:
              ip:
                dest-ip: 10.217.6.176/29
      p0009_vpc_1025186_peer_ingress_to_host:
        type: ipv4
        rule:
          '1':
            action:
              permit: {}
            match:
              ip:
                source-ip: 10.217.6.176/29
      p0010_vpc_1025186_isolation_ipv4:
        type: ipv4
        rule:
          '20':
            action:
              permit: {}
            match:
              ip:
                dest-ip: 10.217.5.160/30
          '21':
            action:
              permit: {}
            match:
              ip:
                dest-ip: 10.217.5.168/29
          '1000':
            action:
              deny: {}
            match:
              ip:
                dest-ip: 10.217.0.0/16
      p0009_vpc_1025197_peer_egress_from_host:
        type: ipv4
        rule:
          '1':
            action:
              permit: {}
            match:
              ip:
                dest-ip: 10.217.6.176/29
      p0009_vpc_1025197_peer_ingress_to_host:
        type: ipv4
        rule:
          '1':
            action:
              permit: {}
            match:
              ip:
                source-ip: 10.217.6.176/29
      p0010_vpc_1025197_isolation_ipv4:
        type: ipv4
        rule:
          '10':
            action:
              permit: {}
            match:
              ip:
                dest-ip: 10.217.5.160/30
          '11':
            action:
              permit: {}
            match:
              ip:
                dest-ip: 10.217.5.168/29
          '1000':
            action:
              deny: {}
            match:
              ip:
                dest-ip: 10.217.0.0/16



      p0004_security_policy_override_ipv4_host_ingress:
        type: ipv4
        rule:
          '2000':
            action:
              deny: {}
            match:
              ip:
                dest-ip: 7.7.7.0/24
                dest-port:
                  '80': {} 
                protocol: tcp
                source-ip: 7.7.7.0/24
                source-port:
                  '80': {}
          '2001':
            action:
              deny: {}
            match:
              ip:
                dest-ip: 7.7.7.0/24
                dest-port:
                  '81': {} 
                protocol: tcp
                source-ip: 7.7.7.0/24
                source-port:
                  '80': {}
          '2002':
            action:
              deny: {}
            match:
              ip:
                dest-ip: 7.7.7.0/24
                dest-port:
                  '80': {} 
                protocol: tcp
                source-ip: 7.7.7.0/24
                source-port:
                  '81': {}
          '2003':
            action:
              deny: {}
            match:
              ip:
                dest-ip: 7.7.7.0/24
                dest-port:
                  '81': {} 
                protocol: tcp
                source-ip: 7.7.7.0/24
                source-port:
                  '81': {}
